TimeQuest Timing Analyzer report for DE1_SoC
Fri Apr 08 15:49:20 2016
Quartus II 64-Bit Version 14.0.0 Build 200 06/17/2014 SJ Web Edition


---------------------
; Table of Contents ;
---------------------
  1. Legal Notice
  2. TimeQuest Timing Analyzer Summary
  3. Parallel Compilation
  4. Clocks
  5. Slow 1100mV 85C Model Fmax Summary
  6. Timing Closure Recommendations
  7. Slow 1100mV 85C Model Setup Summary
  8. Slow 1100mV 85C Model Hold Summary
  9. Slow 1100mV 85C Model Recovery Summary
 10. Slow 1100mV 85C Model Removal Summary
 11. Slow 1100mV 85C Model Minimum Pulse Width Summary
 12. Clock to Output Times
 13. Minimum Clock to Output Times
 14. Slow 1100mV 85C Model Metastability Report
 15. Slow 1100mV 0C Model Fmax Summary
 16. Slow 1100mV 0C Model Setup Summary
 17. Slow 1100mV 0C Model Hold Summary
 18. Slow 1100mV 0C Model Recovery Summary
 19. Slow 1100mV 0C Model Removal Summary
 20. Slow 1100mV 0C Model Minimum Pulse Width Summary
 21. Clock to Output Times
 22. Minimum Clock to Output Times
 23. Slow 1100mV 0C Model Metastability Report
 24. Fast 1100mV 85C Model Setup Summary
 25. Fast 1100mV 85C Model Hold Summary
 26. Fast 1100mV 85C Model Recovery Summary
 27. Fast 1100mV 85C Model Removal Summary
 28. Fast 1100mV 85C Model Minimum Pulse Width Summary
 29. Clock to Output Times
 30. Minimum Clock to Output Times
 31. Fast 1100mV 85C Model Metastability Report
 32. Fast 1100mV 0C Model Setup Summary
 33. Fast 1100mV 0C Model Hold Summary
 34. Fast 1100mV 0C Model Recovery Summary
 35. Fast 1100mV 0C Model Removal Summary
 36. Fast 1100mV 0C Model Minimum Pulse Width Summary
 37. Clock to Output Times
 38. Minimum Clock to Output Times
 39. Fast 1100mV 0C Model Metastability Report
 40. Multicorner Timing Analysis Summary
 41. Clock to Output Times
 42. Minimum Clock to Output Times
 43. Board Trace Model Assignments
 44. Input Transition Times
 45. Signal Integrity Metrics (Slow 1100mv 0c Model)
 46. Signal Integrity Metrics (Slow 1100mv 85c Model)
 47. Signal Integrity Metrics (Fast 1100mv 0c Model)
 48. Signal Integrity Metrics (Fast 1100mv 85c Model)
 49. Setup Transfers
 50. Hold Transfers
 51. Report TCCS
 52. Report RSKM
 53. Unconstrained Paths
 54. TimeQuest Timing Analyzer Messages



----------------
; Legal Notice ;
----------------
Copyright (C) 1991-2014 Altera Corporation. All rights reserved.
Your use of Altera Corporation's design tools, logic functions 
and other software and tools, and its AMPP partner logic 
functions, and any output files from any of the foregoing 
(including device programming or simulation files), and any 
associated documentation or information are expressly subject 
to the terms and conditions of the Altera Program License 
Subscription Agreement, the Altera Quartus II License Agreement,
the Altera MegaCore Function License Agreement, or other 
applicable license agreement, including, without limitation, 
that your use is for the sole purpose of programming logic 
devices manufactured by Altera and sold by Altera or its 
authorized distributors.  Please refer to the applicable 
agreement for further details.



+-------------------------------------------------------------------------+
; TimeQuest Timing Analyzer Summary                                       ;
+--------------------+----------------------------------------------------+
; Quartus II Version ; Version 14.0.0 Build 200 06/17/2014 SJ Web Edition ;
; Revision Name      ; DE1_SoC                                            ;
; Device Family      ; Cyclone V                                          ;
; Device Name        ; 5CGXFC7C7F23C8                                     ;
; Timing Models      ; Final                                              ;
; Delay Model        ; Combined                                           ;
; Rise/Fall Delays   ; Enabled                                            ;
+--------------------+----------------------------------------------------+


+------------------------------------------+
; Parallel Compilation                     ;
+----------------------------+-------------+
; Processors                 ; Number      ;
+----------------------------+-------------+
; Number detected on machine ; 4           ;
; Maximum allowed            ; 4           ;
;                            ;             ;
; Average used               ; 1.00        ;
; Maximum used               ; 4           ;
;                            ;             ;
; Usage by Processor         ; % Time Used ;
;     Processor 1            ; 100.0%      ;
;     Processors 2-4         ; < 0.1%      ;
+----------------------------+-------------+


+--------------------------------------------------------------------------------------------------------------------------------------------------------------------------------------------------+
; Clocks                                                                                                                                                                                           ;
+-----------------+------+--------+------------+-------+-------+------------+-----------+-------------+-------+--------+-----------+------------+----------+--------+--------+---------------------+
; Clock Name      ; Type ; Period ; Frequency  ; Rise  ; Fall  ; Duty Cycle ; Divide by ; Multiply by ; Phase ; Offset ; Edge List ; Edge Shift ; Inverted ; Master ; Source ; Targets             ;
+-----------------+------+--------+------------+-------+-------+------------+-----------+-------------+-------+--------+-----------+------------+----------+--------+--------+---------------------+
; clk             ; Base ; 1.000  ; 1000.0 MHz ; 0.000 ; 0.500 ;            ;           ;             ;       ;        ;           ;            ;          ;        ;        ; { clk }             ;
; DFlipFlop:ff0|q ; Base ; 1.000  ; 1000.0 MHz ; 0.000 ; 0.500 ;            ;           ;             ;       ;        ;           ;            ;          ;        ;        ; { DFlipFlop:ff0|q } ;
; DFlipFlop:ff1|q ; Base ; 1.000  ; 1000.0 MHz ; 0.000 ; 0.500 ;            ;           ;             ;       ;        ;           ;            ;          ;        ;        ; { DFlipFlop:ff1|q } ;
; DFlipFlop:ff2|q ; Base ; 1.000  ; 1000.0 MHz ; 0.000 ; 0.500 ;            ;           ;             ;       ;        ;           ;            ;          ;        ;        ; { DFlipFlop:ff2|q } ;
+-----------------+------+--------+------------+-------+-------+------------+-----------+-------------+-------+--------+-----------+------------+----------+--------+--------+---------------------+


+-------------------------------------------------------+
; Slow 1100mV 85C Model Fmax Summary                    ;
+------------+-----------------+-----------------+------+
; Fmax       ; Restricted Fmax ; Clock Name      ; Note ;
+------------+-----------------+-----------------+------+
; 550.96 MHz ; 550.96 MHz      ; DFlipFlop:ff2|q ;      ;
+------------+-----------------+-----------------+------+
This panel reports FMAX for every clock in the design, regardless of the user-specified clock periods.  FMAX is only computed for paths where the source and destination registers or ports are driven by the same clock.  Paths of different clocks, including generated clocks, are ignored.  For paths between a clock and its inversion, FMAX is computed as if the rising and falling edges are scaled along with FMAX, such that the duty cycle (in terms of a percentage) is maintained. Altera recommends that you always use clock constraints and other slack reports for sign-off analysis.


----------------------------------
; Timing Closure Recommendations ;
----------------------------------
HTML report is unavailable in plain text report export.


+------------------------------------------+
; Slow 1100mV 85C Model Setup Summary      ;
+-----------------+--------+---------------+
; Clock           ; Slack  ; End Point TNS ;
+-----------------+--------+---------------+
; clk             ; -5.944 ; -5.944        ;
; DFlipFlop:ff1|q ; -1.961 ; -1.961        ;
; DFlipFlop:ff0|q ; -1.322 ; -1.322        ;
; DFlipFlop:ff2|q ; -0.815 ; -0.815        ;
+-----------------+--------+---------------+


+-----------------------------------------+
; Slow 1100mV 85C Model Hold Summary      ;
+-----------------+-------+---------------+
; Clock           ; Slack ; End Point TNS ;
+-----------------+-------+---------------+
; DFlipFlop:ff0|q ; 0.323 ; 0.000         ;
; DFlipFlop:ff2|q ; 0.414 ; 0.000         ;
; DFlipFlop:ff1|q ; 0.671 ; 0.000         ;
; clk             ; 1.159 ; 0.000         ;
+-----------------+-------+---------------+


------------------------------------------
; Slow 1100mV 85C Model Recovery Summary ;
------------------------------------------
No paths to report.


-----------------------------------------
; Slow 1100mV 85C Model Removal Summary ;
-----------------------------------------
No paths to report.


+---------------------------------------------------+
; Slow 1100mV 85C Model Minimum Pulse Width Summary ;
+-----------------+--------+------------------------+
; Clock           ; Slack  ; End Point TNS          ;
+-----------------+--------+------------------------+
; DFlipFlop:ff2|q ; -0.724 ; -1.153                 ;
; clk             ; -0.724 ; -1.139                 ;
; DFlipFlop:ff1|q ; -0.724 ; -1.122                 ;
; DFlipFlop:ff0|q ; -0.724 ; -1.103                 ;
+-----------------+--------+------------------------+


+----------------------------------------------------------------------------+
; Clock to Output Times                                                      ;
+-----------+-----------------+-------+-------+------------+-----------------+
; Data Port ; Clock Port      ; Rise  ; Fall  ; Clock Edge ; Clock Reference ;
+-----------+-----------------+-------+-------+------------+-----------------+
; out[*]    ; DFlipFlop:ff0|q ; 8.161 ;       ; Rise       ; DFlipFlop:ff0|q ;
;  out[0]   ; DFlipFlop:ff0|q ; 8.161 ;       ; Rise       ; DFlipFlop:ff0|q ;
; out[*]    ; DFlipFlop:ff0|q ;       ; 9.140 ; Fall       ; DFlipFlop:ff0|q ;
;  out[0]   ; DFlipFlop:ff0|q ;       ; 9.140 ; Fall       ; DFlipFlop:ff0|q ;
; out[*]    ; DFlipFlop:ff1|q ; 6.619 ;       ; Rise       ; DFlipFlop:ff1|q ;
;  out[1]   ; DFlipFlop:ff1|q ; 6.619 ;       ; Rise       ; DFlipFlop:ff1|q ;
; out[*]    ; DFlipFlop:ff1|q ;       ; 6.688 ; Fall       ; DFlipFlop:ff1|q ;
;  out[1]   ; DFlipFlop:ff1|q ;       ; 6.688 ; Fall       ; DFlipFlop:ff1|q ;
; out[*]    ; DFlipFlop:ff2|q ; 8.068 ; 8.088 ; Rise       ; DFlipFlop:ff2|q ;
;  out[2]   ; DFlipFlop:ff2|q ; 6.408 ;       ; Rise       ; DFlipFlop:ff2|q ;
;  out[3]   ; DFlipFlop:ff2|q ; 8.068 ; 8.088 ; Rise       ; DFlipFlop:ff2|q ;
; out[*]    ; DFlipFlop:ff2|q ;       ; 6.439 ; Fall       ; DFlipFlop:ff2|q ;
;  out[2]   ; DFlipFlop:ff2|q ;       ; 6.439 ; Fall       ; DFlipFlop:ff2|q ;
+-----------+-----------------+-------+-------+------------+-----------------+


+----------------------------------------------------------------------------+
; Minimum Clock to Output Times                                              ;
+-----------+-----------------+-------+-------+------------+-----------------+
; Data Port ; Clock Port      ; Rise  ; Fall  ; Clock Edge ; Clock Reference ;
+-----------+-----------------+-------+-------+------------+-----------------+
; out[*]    ; DFlipFlop:ff0|q ; 7.423 ;       ; Rise       ; DFlipFlop:ff0|q ;
;  out[0]   ; DFlipFlop:ff0|q ; 7.423 ;       ; Rise       ; DFlipFlop:ff0|q ;
; out[*]    ; DFlipFlop:ff0|q ;       ; 7.922 ; Fall       ; DFlipFlop:ff0|q ;
;  out[0]   ; DFlipFlop:ff0|q ;       ; 7.922 ; Fall       ; DFlipFlop:ff0|q ;
; out[*]    ; DFlipFlop:ff1|q ; 4.804 ;       ; Rise       ; DFlipFlop:ff1|q ;
;  out[1]   ; DFlipFlop:ff1|q ; 4.804 ;       ; Rise       ; DFlipFlop:ff1|q ;
; out[*]    ; DFlipFlop:ff1|q ;       ; 4.851 ; Fall       ; DFlipFlop:ff1|q ;
;  out[1]   ; DFlipFlop:ff1|q ;       ; 4.851 ; Fall       ; DFlipFlop:ff1|q ;
; out[*]    ; DFlipFlop:ff2|q ; 4.598 ; 5.990 ; Rise       ; DFlipFlop:ff2|q ;
;  out[2]   ; DFlipFlop:ff2|q ; 4.598 ;       ; Rise       ; DFlipFlop:ff2|q ;
;  out[3]   ; DFlipFlop:ff2|q ; 5.968 ; 5.990 ; Rise       ; DFlipFlop:ff2|q ;
; out[*]    ; DFlipFlop:ff2|q ;       ; 4.614 ; Fall       ; DFlipFlop:ff2|q ;
;  out[2]   ; DFlipFlop:ff2|q ;       ; 4.614 ; Fall       ; DFlipFlop:ff2|q ;
+-----------+-----------------+-------+-------+------------+-----------------+


----------------------------------------------
; Slow 1100mV 85C Model Metastability Report ;
----------------------------------------------
No synchronizer chains to report.


+-------------------------------------------------------+
; Slow 1100mV 0C Model Fmax Summary                     ;
+------------+-----------------+-----------------+------+
; Fmax       ; Restricted Fmax ; Clock Name      ; Note ;
+------------+-----------------+-----------------+------+
; 572.74 MHz ; 572.74 MHz      ; DFlipFlop:ff2|q ;      ;
+------------+-----------------+-----------------+------+
This panel reports FMAX for every clock in the design, regardless of the user-specified clock periods.  FMAX is only computed for paths where the source and destination registers or ports are driven by the same clock.  Paths of different clocks, including generated clocks, are ignored.  For paths between a clock and its inversion, FMAX is computed as if the rising and falling edges are scaled along with FMAX, such that the duty cycle (in terms of a percentage) is maintained. Altera recommends that you always use clock constraints and other slack reports for sign-off analysis.


+------------------------------------------+
; Slow 1100mV 0C Model Setup Summary       ;
+-----------------+--------+---------------+
; Clock           ; Slack  ; End Point TNS ;
+-----------------+--------+---------------+
; clk             ; -5.453 ; -5.453        ;
; DFlipFlop:ff1|q ; -2.181 ; -2.181        ;
; DFlipFlop:ff0|q ; -1.426 ; -1.426        ;
; DFlipFlop:ff2|q ; -0.746 ; -0.746        ;
+-----------------+--------+---------------+


+-----------------------------------------+
; Slow 1100mV 0C Model Hold Summary       ;
+-----------------+-------+---------------+
; Clock           ; Slack ; End Point TNS ;
+-----------------+-------+---------------+
; DFlipFlop:ff2|q ; 0.398 ; 0.000         ;
; DFlipFlop:ff0|q ; 0.435 ; 0.000         ;
; clk             ; 0.808 ; 0.000         ;
; DFlipFlop:ff1|q ; 0.867 ; 0.000         ;
+-----------------+-------+---------------+


-----------------------------------------
; Slow 1100mV 0C Model Recovery Summary ;
-----------------------------------------
No paths to report.


----------------------------------------
; Slow 1100mV 0C Model Removal Summary ;
----------------------------------------
No paths to report.


+--------------------------------------------------+
; Slow 1100mV 0C Model Minimum Pulse Width Summary ;
+-----------------+--------+-----------------------+
; Clock           ; Slack  ; End Point TNS         ;
+-----------------+--------+-----------------------+
; DFlipFlop:ff2|q ; -0.724 ; -1.147                ;
; clk             ; -0.724 ; -1.137                ;
; DFlipFlop:ff1|q ; -0.724 ; -1.115                ;
; DFlipFlop:ff0|q ; -0.724 ; -1.104                ;
+-----------------+--------+-----------------------+


+----------------------------------------------------------------------------+
; Clock to Output Times                                                      ;
+-----------+-----------------+-------+-------+------------+-----------------+
; Data Port ; Clock Port      ; Rise  ; Fall  ; Clock Edge ; Clock Reference ;
+-----------+-----------------+-------+-------+------------+-----------------+
; out[*]    ; DFlipFlop:ff0|q ; 7.828 ;       ; Rise       ; DFlipFlop:ff0|q ;
;  out[0]   ; DFlipFlop:ff0|q ; 7.828 ;       ; Rise       ; DFlipFlop:ff0|q ;
; out[*]    ; DFlipFlop:ff0|q ;       ; 8.837 ; Fall       ; DFlipFlop:ff0|q ;
;  out[0]   ; DFlipFlop:ff0|q ;       ; 8.837 ; Fall       ; DFlipFlop:ff0|q ;
; out[*]    ; DFlipFlop:ff1|q ; 6.471 ;       ; Rise       ; DFlipFlop:ff1|q ;
;  out[1]   ; DFlipFlop:ff1|q ; 6.471 ;       ; Rise       ; DFlipFlop:ff1|q ;
; out[*]    ; DFlipFlop:ff1|q ;       ; 6.553 ; Fall       ; DFlipFlop:ff1|q ;
;  out[1]   ; DFlipFlop:ff1|q ;       ; 6.553 ; Fall       ; DFlipFlop:ff1|q ;
; out[*]    ; DFlipFlop:ff2|q ; 7.742 ; 7.767 ; Rise       ; DFlipFlop:ff2|q ;
;  out[2]   ; DFlipFlop:ff2|q ; 6.253 ;       ; Rise       ; DFlipFlop:ff2|q ;
;  out[3]   ; DFlipFlop:ff2|q ; 7.742 ; 7.767 ; Rise       ; DFlipFlop:ff2|q ;
; out[*]    ; DFlipFlop:ff2|q ;       ; 6.290 ; Fall       ; DFlipFlop:ff2|q ;
;  out[2]   ; DFlipFlop:ff2|q ;       ; 6.290 ; Fall       ; DFlipFlop:ff2|q ;
+-----------+-----------------+-------+-------+------------+-----------------+


+----------------------------------------------------------------------------+
; Minimum Clock to Output Times                                              ;
+-----------+-----------------+-------+-------+------------+-----------------+
; Data Port ; Clock Port      ; Rise  ; Fall  ; Clock Edge ; Clock Reference ;
+-----------+-----------------+-------+-------+------------+-----------------+
; out[*]    ; DFlipFlop:ff0|q ; 7.113 ;       ; Rise       ; DFlipFlop:ff0|q ;
;  out[0]   ; DFlipFlop:ff0|q ; 7.113 ;       ; Rise       ; DFlipFlop:ff0|q ;
; out[*]    ; DFlipFlop:ff0|q ;       ; 7.691 ; Fall       ; DFlipFlop:ff0|q ;
;  out[0]   ; DFlipFlop:ff0|q ;       ; 7.691 ; Fall       ; DFlipFlop:ff0|q ;
; out[*]    ; DFlipFlop:ff1|q ; 4.654 ;       ; Rise       ; DFlipFlop:ff1|q ;
;  out[1]   ; DFlipFlop:ff1|q ; 4.654 ;       ; Rise       ; DFlipFlop:ff1|q ;
; out[*]    ; DFlipFlop:ff1|q ;       ; 4.725 ; Fall       ; DFlipFlop:ff1|q ;
;  out[1]   ; DFlipFlop:ff1|q ;       ; 4.725 ; Fall       ; DFlipFlop:ff1|q ;
; out[*]    ; DFlipFlop:ff2|q ; 4.444 ; 5.698 ; Rise       ; DFlipFlop:ff2|q ;
;  out[2]   ; DFlipFlop:ff2|q ; 4.444 ;       ; Rise       ; DFlipFlop:ff2|q ;
;  out[3]   ; DFlipFlop:ff2|q ; 5.669 ; 5.698 ; Rise       ; DFlipFlop:ff2|q ;
; out[*]    ; DFlipFlop:ff2|q ;       ; 4.474 ; Fall       ; DFlipFlop:ff2|q ;
;  out[2]   ; DFlipFlop:ff2|q ;       ; 4.474 ; Fall       ; DFlipFlop:ff2|q ;
+-----------+-----------------+-------+-------+------------+-----------------+


---------------------------------------------
; Slow 1100mV 0C Model Metastability Report ;
---------------------------------------------
No synchronizer chains to report.


+------------------------------------------+
; Fast 1100mV 85C Model Setup Summary      ;
+-----------------+--------+---------------+
; Clock           ; Slack  ; End Point TNS ;
+-----------------+--------+---------------+
; clk             ; -3.745 ; -3.745        ;
; DFlipFlop:ff1|q ; -0.777 ; -0.777        ;
; DFlipFlop:ff0|q ; -0.538 ; -0.538        ;
; DFlipFlop:ff2|q ; -0.022 ; -0.022        ;
+-----------------+--------+---------------+


+------------------------------------------+
; Fast 1100mV 85C Model Hold Summary       ;
+-----------------+--------+---------------+
; Clock           ; Slack  ; End Point TNS ;
+-----------------+--------+---------------+
; DFlipFlop:ff0|q ; -0.081 ; -0.081        ;
; DFlipFlop:ff1|q ; 0.076  ; 0.000         ;
; DFlipFlop:ff2|q ; 0.105  ; 0.000         ;
; clk             ; 1.585  ; 0.000         ;
+-----------------+--------+---------------+


------------------------------------------
; Fast 1100mV 85C Model Recovery Summary ;
------------------------------------------
No paths to report.


-----------------------------------------
; Fast 1100mV 85C Model Removal Summary ;
-----------------------------------------
No paths to report.


+---------------------------------------------------+
; Fast 1100mV 85C Model Minimum Pulse Width Summary ;
+-----------------+--------+------------------------+
; Clock           ; Slack  ; End Point TNS          ;
+-----------------+--------+------------------------+
; clk             ; -0.286 ; -0.286                 ;
; DFlipFlop:ff2|q ; 0.107  ; 0.000                  ;
; DFlipFlop:ff1|q ; 0.135  ; 0.000                  ;
; DFlipFlop:ff0|q ; 0.144  ; 0.000                  ;
+-----------------+--------+------------------------+


+----------------------------------------------------------------------------+
; Clock to Output Times                                                      ;
+-----------+-----------------+-------+-------+------------+-----------------+
; Data Port ; Clock Port      ; Rise  ; Fall  ; Clock Edge ; Clock Reference ;
+-----------+-----------------+-------+-------+------------+-----------------+
; out[*]    ; DFlipFlop:ff0|q ; 4.203 ;       ; Rise       ; DFlipFlop:ff0|q ;
;  out[0]   ; DFlipFlop:ff0|q ; 4.203 ;       ; Rise       ; DFlipFlop:ff0|q ;
; out[*]    ; DFlipFlop:ff0|q ;       ; 5.051 ; Fall       ; DFlipFlop:ff0|q ;
;  out[0]   ; DFlipFlop:ff0|q ;       ; 5.051 ; Fall       ; DFlipFlop:ff0|q ;
; out[*]    ; DFlipFlop:ff1|q ; 3.085 ;       ; Rise       ; DFlipFlop:ff1|q ;
;  out[1]   ; DFlipFlop:ff1|q ; 3.085 ;       ; Rise       ; DFlipFlop:ff1|q ;
; out[*]    ; DFlipFlop:ff1|q ;       ; 3.224 ; Fall       ; DFlipFlop:ff1|q ;
;  out[1]   ; DFlipFlop:ff1|q ;       ; 3.224 ; Fall       ; DFlipFlop:ff1|q ;
; out[*]    ; DFlipFlop:ff2|q ; 3.641 ; 3.739 ; Rise       ; DFlipFlop:ff2|q ;
;  out[2]   ; DFlipFlop:ff2|q ; 3.003 ;       ; Rise       ; DFlipFlop:ff2|q ;
;  out[3]   ; DFlipFlop:ff2|q ; 3.641 ; 3.739 ; Rise       ; DFlipFlop:ff2|q ;
; out[*]    ; DFlipFlop:ff2|q ;       ; 3.126 ; Fall       ; DFlipFlop:ff2|q ;
;  out[2]   ; DFlipFlop:ff2|q ;       ; 3.126 ; Fall       ; DFlipFlop:ff2|q ;
+-----------+-----------------+-------+-------+------------+-----------------+


+----------------------------------------------------------------------------+
; Minimum Clock to Output Times                                              ;
+-----------+-----------------+-------+-------+------------+-----------------+
; Data Port ; Clock Port      ; Rise  ; Fall  ; Clock Edge ; Clock Reference ;
+-----------+-----------------+-------+-------+------------+-----------------+
; out[*]    ; DFlipFlop:ff0|q ; 3.860 ;       ; Rise       ; DFlipFlop:ff0|q ;
;  out[0]   ; DFlipFlop:ff0|q ; 3.860 ;       ; Rise       ; DFlipFlop:ff0|q ;
; out[*]    ; DFlipFlop:ff0|q ;       ; 4.474 ; Fall       ; DFlipFlop:ff0|q ;
;  out[0]   ; DFlipFlop:ff0|q ;       ; 4.474 ; Fall       ; DFlipFlop:ff0|q ;
; out[*]    ; DFlipFlop:ff1|q ; 2.405 ;       ; Rise       ; DFlipFlop:ff1|q ;
;  out[1]   ; DFlipFlop:ff1|q ; 2.405 ;       ; Rise       ; DFlipFlop:ff1|q ;
; out[*]    ; DFlipFlop:ff1|q ;       ; 2.534 ; Fall       ; DFlipFlop:ff1|q ;
;  out[1]   ; DFlipFlop:ff1|q ;       ; 2.534 ; Fall       ; DFlipFlop:ff1|q ;
; out[*]    ; DFlipFlop:ff2|q ; 2.325 ; 2.886 ; Rise       ; DFlipFlop:ff2|q ;
;  out[2]   ; DFlipFlop:ff2|q ; 2.325 ;       ; Rise       ; DFlipFlop:ff2|q ;
;  out[3]   ; DFlipFlop:ff2|q ; 2.790 ; 2.886 ; Rise       ; DFlipFlop:ff2|q ;
; out[*]    ; DFlipFlop:ff2|q ;       ; 2.441 ; Fall       ; DFlipFlop:ff2|q ;
;  out[2]   ; DFlipFlop:ff2|q ;       ; 2.441 ; Fall       ; DFlipFlop:ff2|q ;
+-----------+-----------------+-------+-------+------------+-----------------+


----------------------------------------------
; Fast 1100mV 85C Model Metastability Report ;
----------------------------------------------
No synchronizer chains to report.


+------------------------------------------+
; Fast 1100mV 0C Model Setup Summary       ;
+-----------------+--------+---------------+
; Clock           ; Slack  ; End Point TNS ;
+-----------------+--------+---------------+
; clk             ; -3.165 ; -3.165        ;
; DFlipFlop:ff1|q ; -0.746 ; -0.746        ;
; DFlipFlop:ff0|q ; -0.516 ; -0.516        ;
; DFlipFlop:ff2|q ; 0.023  ; 0.000         ;
+-----------------+--------+---------------+


+------------------------------------------+
; Fast 1100mV 0C Model Hold Summary        ;
+-----------------+--------+---------------+
; Clock           ; Slack  ; End Point TNS ;
+-----------------+--------+---------------+
; DFlipFlop:ff0|q ; -0.090 ; -0.090        ;
; DFlipFlop:ff1|q ; 0.061  ; 0.000         ;
; DFlipFlop:ff2|q ; 0.088  ; 0.000         ;
; clk             ; 1.113  ; 0.000         ;
+-----------------+--------+---------------+


-----------------------------------------
; Fast 1100mV 0C Model Recovery Summary ;
-----------------------------------------
No paths to report.


----------------------------------------
; Fast 1100mV 0C Model Removal Summary ;
----------------------------------------
No paths to report.


+--------------------------------------------------+
; Fast 1100mV 0C Model Minimum Pulse Width Summary ;
+-----------------+--------+-----------------------+
; Clock           ; Slack  ; End Point TNS         ;
+-----------------+--------+-----------------------+
; clk             ; -0.280 ; -0.280                ;
; DFlipFlop:ff2|q ; 0.116  ; 0.000                 ;
; DFlipFlop:ff1|q ; 0.141  ; 0.000                 ;
; DFlipFlop:ff0|q ; 0.143  ; 0.000                 ;
+-----------------+--------+-----------------------+


+----------------------------------------------------------------------------+
; Clock to Output Times                                                      ;
+-----------+-----------------+-------+-------+------------+-----------------+
; Data Port ; Clock Port      ; Rise  ; Fall  ; Clock Edge ; Clock Reference ;
+-----------+-----------------+-------+-------+------------+-----------------+
; out[*]    ; DFlipFlop:ff0|q ; 3.830 ;       ; Rise       ; DFlipFlop:ff0|q ;
;  out[0]   ; DFlipFlop:ff0|q ; 3.830 ;       ; Rise       ; DFlipFlop:ff0|q ;
; out[*]    ; DFlipFlop:ff0|q ;       ; 4.515 ; Fall       ; DFlipFlop:ff0|q ;
;  out[0]   ; DFlipFlop:ff0|q ;       ; 4.515 ; Fall       ; DFlipFlop:ff0|q ;
; out[*]    ; DFlipFlop:ff1|q ; 2.933 ;       ; Rise       ; DFlipFlop:ff1|q ;
;  out[1]   ; DFlipFlop:ff1|q ; 2.933 ;       ; Rise       ; DFlipFlop:ff1|q ;
; out[*]    ; DFlipFlop:ff1|q ;       ; 3.022 ; Fall       ; DFlipFlop:ff1|q ;
;  out[1]   ; DFlipFlop:ff1|q ;       ; 3.022 ; Fall       ; DFlipFlop:ff1|q ;
; out[*]    ; DFlipFlop:ff2|q ; 3.384 ; 3.457 ; Rise       ; DFlipFlop:ff2|q ;
;  out[2]   ; DFlipFlop:ff2|q ; 2.821 ;       ; Rise       ; DFlipFlop:ff2|q ;
;  out[3]   ; DFlipFlop:ff2|q ; 3.384 ; 3.457 ; Rise       ; DFlipFlop:ff2|q ;
; out[*]    ; DFlipFlop:ff2|q ;       ; 2.925 ; Fall       ; DFlipFlop:ff2|q ;
;  out[2]   ; DFlipFlop:ff2|q ;       ; 2.925 ; Fall       ; DFlipFlop:ff2|q ;
+-----------+-----------------+-------+-------+------------+-----------------+


+----------------------------------------------------------------------------+
; Minimum Clock to Output Times                                              ;
+-----------+-----------------+-------+-------+------------+-----------------+
; Data Port ; Clock Port      ; Rise  ; Fall  ; Clock Edge ; Clock Reference ;
+-----------+-----------------+-------+-------+------------+-----------------+
; out[*]    ; DFlipFlop:ff0|q ; 3.522 ;       ; Rise       ; DFlipFlop:ff0|q ;
;  out[0]   ; DFlipFlop:ff0|q ; 3.522 ;       ; Rise       ; DFlipFlop:ff0|q ;
; out[*]    ; DFlipFlop:ff0|q ;       ; 4.017 ; Fall       ; DFlipFlop:ff0|q ;
;  out[0]   ; DFlipFlop:ff0|q ;       ; 4.017 ; Fall       ; DFlipFlop:ff0|q ;
; out[*]    ; DFlipFlop:ff1|q ; 2.257 ;       ; Rise       ; DFlipFlop:ff1|q ;
;  out[1]   ; DFlipFlop:ff1|q ; 2.257 ;       ; Rise       ; DFlipFlop:ff1|q ;
; out[*]    ; DFlipFlop:ff1|q ;       ; 2.339 ; Fall       ; DFlipFlop:ff1|q ;
;  out[1]   ; DFlipFlop:ff1|q ;       ; 2.339 ; Fall       ; DFlipFlop:ff1|q ;
; out[*]    ; DFlipFlop:ff2|q ; 2.148 ; 2.616 ; Rise       ; DFlipFlop:ff2|q ;
;  out[2]   ; DFlipFlop:ff2|q ; 2.148 ;       ; Rise       ; DFlipFlop:ff2|q ;
;  out[3]   ; DFlipFlop:ff2|q ; 2.545 ; 2.616 ; Rise       ; DFlipFlop:ff2|q ;
; out[*]    ; DFlipFlop:ff2|q ;       ; 2.247 ; Fall       ; DFlipFlop:ff2|q ;
;  out[2]   ; DFlipFlop:ff2|q ;       ; 2.247 ; Fall       ; DFlipFlop:ff2|q ;
+-----------+-----------------+-------+-------+------------+-----------------+


---------------------------------------------
; Fast 1100mV 0C Model Metastability Report ;
---------------------------------------------
No synchronizer chains to report.


+--------------------------------------------------------------------------------+
; Multicorner Timing Analysis Summary                                            ;
+------------------+---------+--------+----------+---------+---------------------+
; Clock            ; Setup   ; Hold   ; Recovery ; Removal ; Minimum Pulse Width ;
+------------------+---------+--------+----------+---------+---------------------+
; Worst-case Slack ; -5.944  ; -0.090 ; N/A      ; N/A     ; -0.724              ;
;  DFlipFlop:ff0|q ; -1.426  ; -0.090 ; N/A      ; N/A     ; -0.724              ;
;  DFlipFlop:ff1|q ; -2.181  ; 0.061  ; N/A      ; N/A     ; -0.724              ;
;  DFlipFlop:ff2|q ; -0.815  ; 0.088  ; N/A      ; N/A     ; -0.724              ;
;  clk             ; -5.944  ; 0.808  ; N/A      ; N/A     ; -0.724              ;
; Design-wide TNS  ; -10.042 ; -0.09  ; 0.0      ; 0.0     ; -4.517              ;
;  DFlipFlop:ff0|q ; -1.426  ; -0.090 ; N/A      ; N/A     ; -1.104              ;
;  DFlipFlop:ff1|q ; -2.181  ; 0.000  ; N/A      ; N/A     ; -1.122              ;
;  DFlipFlop:ff2|q ; -0.815  ; 0.000  ; N/A      ; N/A     ; -1.153              ;
;  clk             ; -5.944  ; 0.000  ; N/A      ; N/A     ; -1.139              ;
+------------------+---------+--------+----------+---------+---------------------+


+----------------------------------------------------------------------------+
; Clock to Output Times                                                      ;
+-----------+-----------------+-------+-------+------------+-----------------+
; Data Port ; Clock Port      ; Rise  ; Fall  ; Clock Edge ; Clock Reference ;
+-----------+-----------------+-------+-------+------------+-----------------+
; out[*]    ; DFlipFlop:ff0|q ; 8.161 ;       ; Rise       ; DFlipFlop:ff0|q ;
;  out[0]   ; DFlipFlop:ff0|q ; 8.161 ;       ; Rise       ; DFlipFlop:ff0|q ;
; out[*]    ; DFlipFlop:ff0|q ;       ; 9.140 ; Fall       ; DFlipFlop:ff0|q ;
;  out[0]   ; DFlipFlop:ff0|q ;       ; 9.140 ; Fall       ; DFlipFlop:ff0|q ;
; out[*]    ; DFlipFlop:ff1|q ; 6.619 ;       ; Rise       ; DFlipFlop:ff1|q ;
;  out[1]   ; DFlipFlop:ff1|q ; 6.619 ;       ; Rise       ; DFlipFlop:ff1|q ;
; out[*]    ; DFlipFlop:ff1|q ;       ; 6.688 ; Fall       ; DFlipFlop:ff1|q ;
;  out[1]   ; DFlipFlop:ff1|q ;       ; 6.688 ; Fall       ; DFlipFlop:ff1|q ;
; out[*]    ; DFlipFlop:ff2|q ; 8.068 ; 8.088 ; Rise       ; DFlipFlop:ff2|q ;
;  out[2]   ; DFlipFlop:ff2|q ; 6.408 ;       ; Rise       ; DFlipFlop:ff2|q ;
;  out[3]   ; DFlipFlop:ff2|q ; 8.068 ; 8.088 ; Rise       ; DFlipFlop:ff2|q ;
; out[*]    ; DFlipFlop:ff2|q ;       ; 6.439 ; Fall       ; DFlipFlop:ff2|q ;
;  out[2]   ; DFlipFlop:ff2|q ;       ; 6.439 ; Fall       ; DFlipFlop:ff2|q ;
+-----------+-----------------+-------+-------+------------+-----------------+


+----------------------------------------------------------------------------+
; Minimum Clock to Output Times                                              ;
+-----------+-----------------+-------+-------+------------+-----------------+
; Data Port ; Clock Port      ; Rise  ; Fall  ; Clock Edge ; Clock Reference ;
+-----------+-----------------+-------+-------+------------+-----------------+
; out[*]    ; DFlipFlop:ff0|q ; 3.522 ;       ; Rise       ; DFlipFlop:ff0|q ;
;  out[0]   ; DFlipFlop:ff0|q ; 3.522 ;       ; Rise       ; DFlipFlop:ff0|q ;
; out[*]    ; DFlipFlop:ff0|q ;       ; 4.017 ; Fall       ; DFlipFlop:ff0|q ;
;  out[0]   ; DFlipFlop:ff0|q ;       ; 4.017 ; Fall       ; DFlipFlop:ff0|q ;
; out[*]    ; DFlipFlop:ff1|q ; 2.257 ;       ; Rise       ; DFlipFlop:ff1|q ;
;  out[1]   ; DFlipFlop:ff1|q ; 2.257 ;       ; Rise       ; DFlipFlop:ff1|q ;
; out[*]    ; DFlipFlop:ff1|q ;       ; 2.339 ; Fall       ; DFlipFlop:ff1|q ;
;  out[1]   ; DFlipFlop:ff1|q ;       ; 2.339 ; Fall       ; DFlipFlop:ff1|q ;
; out[*]    ; DFlipFlop:ff2|q ; 2.148 ; 2.616 ; Rise       ; DFlipFlop:ff2|q ;
;  out[2]   ; DFlipFlop:ff2|q ; 2.148 ;       ; Rise       ; DFlipFlop:ff2|q ;
;  out[3]   ; DFlipFlop:ff2|q ; 2.545 ; 2.616 ; Rise       ; DFlipFlop:ff2|q ;
; out[*]    ; DFlipFlop:ff2|q ;       ; 2.247 ; Fall       ; DFlipFlop:ff2|q ;
;  out[2]   ; DFlipFlop:ff2|q ;       ; 2.247 ; Fall       ; DFlipFlop:ff2|q ;
+-----------+-----------------+-------+-------+------------+-----------------+


+-----------------------------------------------------------------------------------------------------------------------------------------------------------------------------------------------------------------------------------------------------------------------------------------------------------------------------------------------------------------------------------------------------------+
; Board Trace Model Assignments                                                                                                                                                                                                                                                                                                                                                                             ;
+--------+--------------+-------------------+-------------------------+-------------------------+---------------+---------------------+----------------+------------------+--------+------------------+------------------------+------------------------+--------------+---------------+-----------------+-------+---------------------+--------------------+---------------+-----------------+-------------+
; Pin    ; I/O Standard ; Near Tline Length ; Near Tline L per Length ; Near Tline C per Length ; Near Series R ; Near Differential R ; Near Pull-up R ; Near Pull-down R ; Near C ; Far Tline Length ; Far Tline L per Length ; Far Tline C per Length ; Far Series R ; Far Pull-up R ; Far Pull-down R ; Far C ; Termination Voltage ; Far Differential R ; EBD File Name ; EBD Signal Name ; EBD Far-end ;
+--------+--------------+-------------------+-------------------------+-------------------------+---------------+---------------------+----------------+------------------+--------+------------------+------------------------+------------------------+--------------+---------------+-----------------+-------+---------------------+--------------------+---------------+-----------------+-------------+
; out[0] ; 2.5 V        ; 0 in              ; 0 H/in                  ; 0 F/in                  ; short         ; -                   ; open           ; open             ; open   ; 0 in             ; 0 H/in                 ; 0 F/in                 ; short        ; open          ; open            ; open  ; 0 V                 ; -                  ; n/a           ; n/a             ; n/a         ;
; out[1] ; 2.5 V        ; 0 in              ; 0 H/in                  ; 0 F/in                  ; short         ; -                   ; open           ; open             ; open   ; 0 in             ; 0 H/in                 ; 0 F/in                 ; short        ; open          ; open            ; open  ; 0 V                 ; -                  ; n/a           ; n/a             ; n/a         ;
; out[2] ; 2.5 V        ; 0 in              ; 0 H/in                  ; 0 F/in                  ; short         ; -                   ; open           ; open             ; open   ; 0 in             ; 0 H/in                 ; 0 F/in                 ; short        ; open          ; open            ; open  ; 0 V                 ; -                  ; n/a           ; n/a             ; n/a         ;
; out[3] ; 2.5 V        ; 0 in              ; 0 H/in                  ; 0 F/in                  ; short         ; -                   ; open           ; open             ; open   ; 0 in             ; 0 H/in                 ; 0 F/in                 ; short        ; open          ; open            ; open  ; 0 V                 ; -                  ; n/a           ; n/a             ; n/a         ;
+--------+--------------+-------------------+-------------------------+-------------------------+---------------+---------------------+----------------+------------------+--------+------------------+------------------------+------------------------+--------------+---------------+-----------------+-------+---------------------+--------------------+---------------+-----------------+-------------+


+--------------------------------------------------------+
; Input Transition Times                                 ;
+-----+--------------+-----------------+-----------------+
; Pin ; I/O Standard ; 10-90 Rise Time ; 90-10 Fall Time ;
+-----+--------------+-----------------+-----------------+
; clk ; 2.5 V        ; 2000 ps         ; 2000 ps         ;
; rst ; 2.5 V        ; 2000 ps         ; 2000 ps         ;
+-----+--------------+-----------------+-----------------+


+-------------------------------------------------------------------------------------------------------------------------------------------------------------------------------------------------------------------------------------------------------------------------------------------------------------------------------------------------------------------------------------------------------------------------------------------------------------------------------------------------------------------------------------------------------------------------------------------------------------------------------------------------------------------------------------+
; Signal Integrity Metrics (Slow 1100mv 0c Model)                                                                                                                                                                                                                                                                                                                                                                                                                                                                                                                                                                                                                                     ;
+--------+--------------+---------------------+---------------------+------------------------------+------------------------------+---------------------+---------------------+--------------------------------------+--------------------------------------+-----------------------------+-----------------------------+----------------------------+----------------------------+-----------------------------+-----------------------------+--------------------+--------------------+-------------------------------------+-------------------------------------+----------------------------+----------------------------+---------------------------+---------------------------+
; Pin    ; I/O Standard ; Board Delay on Rise ; Board Delay on Fall ; Steady State Voh at FPGA Pin ; Steady State Vol at FPGA Pin ; Voh Max at FPGA Pin ; Vol Min at FPGA Pin ; Ringback Voltage on Rise at FPGA Pin ; Ringback Voltage on Fall at FPGA Pin ; 10-90 Rise Time at FPGA Pin ; 90-10 Fall Time at FPGA Pin ; Monotonic Rise at FPGA Pin ; Monotonic Fall at FPGA Pin ; Steady State Voh at Far-end ; Steady State Vol at Far-end ; Voh Max at Far-end ; Vol Min at Far-end ; Ringback Voltage on Rise at Far-end ; Ringback Voltage on Fall at Far-end ; 10-90 Rise Time at Far-end ; 90-10 Fall Time at Far-end ; Monotonic Rise at Far-end ; Monotonic Fall at Far-end ;
+--------+--------------+---------------------+---------------------+------------------------------+------------------------------+---------------------+---------------------+--------------------------------------+--------------------------------------+-----------------------------+-----------------------------+----------------------------+----------------------------+-----------------------------+-----------------------------+--------------------+--------------------+-------------------------------------+-------------------------------------+----------------------------+----------------------------+---------------------------+---------------------------+
; out[0] ; 2.5 V        ; 0 s                 ; 0 s                 ; 2.32 V                       ; 6.72e-08 V                   ; 2.4 V               ; -0.0409 V           ; 0.192 V                              ; 0.125 V                              ; 4.59e-10 s                  ; 4.54e-10 s                  ; No                         ; Yes                        ; 2.32 V                      ; 6.72e-08 V                  ; 2.4 V              ; -0.0409 V          ; 0.192 V                             ; 0.125 V                             ; 4.59e-10 s                 ; 4.54e-10 s                 ; No                        ; Yes                       ;
; out[1] ; 2.5 V        ; 0 s                 ; 0 s                 ; 2.32 V                       ; 6.72e-08 V                   ; 2.4 V               ; -0.041 V            ; 0.19 V                               ; 0.126 V                              ; 4.59e-10 s                  ; 4.54e-10 s                  ; No                         ; Yes                        ; 2.32 V                      ; 6.72e-08 V                  ; 2.4 V              ; -0.041 V           ; 0.19 V                              ; 0.126 V                             ; 4.59e-10 s                 ; 4.54e-10 s                 ; No                        ; Yes                       ;
; out[2] ; 2.5 V        ; 0 s                 ; 0 s                 ; 2.32 V                       ; 6.86e-08 V                   ; 2.4 V               ; -0.0326 V           ; 0.227 V                              ; 0.16 V                               ; 4.73e-10 s                  ; 4.78e-10 s                  ; No                         ; Yes                        ; 2.32 V                      ; 6.86e-08 V                  ; 2.4 V              ; -0.0326 V          ; 0.227 V                             ; 0.16 V                              ; 4.73e-10 s                 ; 4.78e-10 s                 ; No                        ; Yes                       ;
; out[3] ; 2.5 V        ; 0 s                 ; 0 s                 ; 2.32 V                       ; 5.91e-08 V                   ; 2.35 V              ; -0.0136 V           ; 0.17 V                               ; 0.118 V                              ; 4.69e-10 s                  ; 4.63e-10 s                  ; Yes                        ; Yes                        ; 2.32 V                      ; 5.91e-08 V                  ; 2.35 V             ; -0.0136 V          ; 0.17 V                              ; 0.118 V                             ; 4.69e-10 s                 ; 4.63e-10 s                 ; Yes                       ; Yes                       ;
+--------+--------------+---------------------+---------------------+------------------------------+------------------------------+---------------------+---------------------+--------------------------------------+--------------------------------------+-----------------------------+-----------------------------+----------------------------+----------------------------+-----------------------------+-----------------------------+--------------------+--------------------+-------------------------------------+-------------------------------------+----------------------------+----------------------------+---------------------------+---------------------------+


+-------------------------------------------------------------------------------------------------------------------------------------------------------------------------------------------------------------------------------------------------------------------------------------------------------------------------------------------------------------------------------------------------------------------------------------------------------------------------------------------------------------------------------------------------------------------------------------------------------------------------------------------------------------------------------------+
; Signal Integrity Metrics (Slow 1100mv 85c Model)                                                                                                                                                                                                                                                                                                                                                                                                                                                                                                                                                                                                                                    ;
+--------+--------------+---------------------+---------------------+------------------------------+------------------------------+---------------------+---------------------+--------------------------------------+--------------------------------------+-----------------------------+-----------------------------+----------------------------+----------------------------+-----------------------------+-----------------------------+--------------------+--------------------+-------------------------------------+-------------------------------------+----------------------------+----------------------------+---------------------------+---------------------------+
; Pin    ; I/O Standard ; Board Delay on Rise ; Board Delay on Fall ; Steady State Voh at FPGA Pin ; Steady State Vol at FPGA Pin ; Voh Max at FPGA Pin ; Vol Min at FPGA Pin ; Ringback Voltage on Rise at FPGA Pin ; Ringback Voltage on Fall at FPGA Pin ; 10-90 Rise Time at FPGA Pin ; 90-10 Fall Time at FPGA Pin ; Monotonic Rise at FPGA Pin ; Monotonic Fall at FPGA Pin ; Steady State Voh at Far-end ; Steady State Vol at Far-end ; Voh Max at Far-end ; Vol Min at Far-end ; Ringback Voltage on Rise at Far-end ; Ringback Voltage on Fall at Far-end ; 10-90 Rise Time at Far-end ; 90-10 Fall Time at Far-end ; Monotonic Rise at Far-end ; Monotonic Fall at Far-end ;
+--------+--------------+---------------------+---------------------+------------------------------+------------------------------+---------------------+---------------------+--------------------------------------+--------------------------------------+-----------------------------+-----------------------------+----------------------------+----------------------------+-----------------------------+-----------------------------+--------------------+--------------------+-------------------------------------+-------------------------------------+----------------------------+----------------------------+---------------------------+---------------------------+
; out[0] ; 2.5 V        ; 0 s                 ; 0 s                 ; 2.32 V                       ; 1.04e-05 V                   ; 2.38 V              ; -0.027 V            ; 0.226 V                              ; 0.08 V                               ; 4.84e-10 s                  ; 5.18e-10 s                  ; No                         ; Yes                        ; 2.32 V                      ; 1.04e-05 V                  ; 2.38 V             ; -0.027 V           ; 0.226 V                             ; 0.08 V                              ; 4.84e-10 s                 ; 5.18e-10 s                 ; No                        ; Yes                       ;
; out[1] ; 2.5 V        ; 0 s                 ; 0 s                 ; 2.32 V                       ; 1.04e-05 V                   ; 2.38 V              ; -0.0273 V           ; 0.226 V                              ; 0.08 V                               ; 4.84e-10 s                  ; 5.19e-10 s                  ; No                         ; Yes                        ; 2.32 V                      ; 1.04e-05 V                  ; 2.38 V             ; -0.0273 V          ; 0.226 V                             ; 0.08 V                              ; 4.84e-10 s                 ; 5.19e-10 s                 ; No                        ; Yes                       ;
; out[2] ; 2.5 V        ; 0 s                 ; 0 s                 ; 2.32 V                       ; 1.05e-05 V                   ; 2.37 V              ; -0.0225 V           ; 0.277 V                              ; 0.104 V                              ; 5.22e-10 s                  ; 6.28e-10 s                  ; No                         ; Yes                        ; 2.32 V                      ; 1.05e-05 V                  ; 2.37 V             ; -0.0225 V          ; 0.277 V                             ; 0.104 V                             ; 5.22e-10 s                 ; 6.28e-10 s                 ; No                        ; Yes                       ;
; out[3] ; 2.5 V        ; 0 s                 ; 0 s                 ; 2.32 V                       ; 9.38e-06 V                   ; 2.34 V              ; -0.00733 V          ; 0.234 V                              ; 0.071 V                              ; 5.36e-10 s                  ; 5.75e-10 s                  ; No                         ; Yes                        ; 2.32 V                      ; 9.38e-06 V                  ; 2.34 V             ; -0.00733 V         ; 0.234 V                             ; 0.071 V                             ; 5.36e-10 s                 ; 5.75e-10 s                 ; No                        ; Yes                       ;
+--------+--------------+---------------------+---------------------+------------------------------+------------------------------+---------------------+---------------------+--------------------------------------+--------------------------------------+-----------------------------+-----------------------------+----------------------------+----------------------------+-----------------------------+-----------------------------+--------------------+--------------------+-------------------------------------+-------------------------------------+----------------------------+----------------------------+---------------------------+---------------------------+


+-------------------------------------------------------------------------------------------------------------------------------------------------------------------------------------------------------------------------------------------------------------------------------------------------------------------------------------------------------------------------------------------------------------------------------------------------------------------------------------------------------------------------------------------------------------------------------------------------------------------------------------------------------------------------------------+
; Signal Integrity Metrics (Fast 1100mv 0c Model)                                                                                                                                                                                                                                                                                                                                                                                                                                                                                                                                                                                                                                     ;
+--------+--------------+---------------------+---------------------+------------------------------+------------------------------+---------------------+---------------------+--------------------------------------+--------------------------------------+-----------------------------+-----------------------------+----------------------------+----------------------------+-----------------------------+-----------------------------+--------------------+--------------------+-------------------------------------+-------------------------------------+----------------------------+----------------------------+---------------------------+---------------------------+
; Pin    ; I/O Standard ; Board Delay on Rise ; Board Delay on Fall ; Steady State Voh at FPGA Pin ; Steady State Vol at FPGA Pin ; Voh Max at FPGA Pin ; Vol Min at FPGA Pin ; Ringback Voltage on Rise at FPGA Pin ; Ringback Voltage on Fall at FPGA Pin ; 10-90 Rise Time at FPGA Pin ; 90-10 Fall Time at FPGA Pin ; Monotonic Rise at FPGA Pin ; Monotonic Fall at FPGA Pin ; Steady State Voh at Far-end ; Steady State Vol at Far-end ; Voh Max at Far-end ; Vol Min at Far-end ; Ringback Voltage on Rise at Far-end ; Ringback Voltage on Fall at Far-end ; 10-90 Rise Time at Far-end ; 90-10 Fall Time at Far-end ; Monotonic Rise at Far-end ; Monotonic Fall at Far-end ;
+--------+--------------+---------------------+---------------------+------------------------------+------------------------------+---------------------+---------------------+--------------------------------------+--------------------------------------+-----------------------------+-----------------------------+----------------------------+----------------------------+-----------------------------+-----------------------------+--------------------+--------------------+-------------------------------------+-------------------------------------+----------------------------+----------------------------+---------------------------+---------------------------+
; out[0] ; 2.5 V        ; 0 s                 ; 0 s                 ; 2.75 V                       ; 4.14e-06 V                   ; 2.91 V              ; -0.121 V            ; 0.326 V                              ; 0.297 V                              ; 2.74e-10 s                  ; 2.8e-10 s                   ; No                         ; No                         ; 2.75 V                      ; 4.14e-06 V                  ; 2.91 V             ; -0.121 V           ; 0.326 V                             ; 0.297 V                             ; 2.74e-10 s                 ; 2.8e-10 s                  ; No                        ; No                        ;
; out[1] ; 2.5 V        ; 0 s                 ; 0 s                 ; 2.75 V                       ; 4.14e-06 V                   ; 2.91 V              ; -0.119 V            ; 0.326 V                              ; 0.298 V                              ; 2.74e-10 s                  ; 2.8e-10 s                   ; No                         ; No                         ; 2.75 V                      ; 4.14e-06 V                  ; 2.91 V             ; -0.119 V           ; 0.326 V                             ; 0.298 V                             ; 2.74e-10 s                 ; 2.8e-10 s                  ; No                        ; No                        ;
; out[2] ; 2.5 V        ; 0 s                 ; 0 s                 ; 2.75 V                       ; 4.25e-06 V                   ; 2.9 V               ; -0.107 V            ; 0.378 V                              ; 0.16 V                               ; 2.87e-10 s                  ; 4.28e-10 s                  ; No                         ; No                         ; 2.75 V                      ; 4.25e-06 V                  ; 2.9 V              ; -0.107 V           ; 0.378 V                             ; 0.16 V                              ; 2.87e-10 s                 ; 4.28e-10 s                 ; No                        ; No                        ;
; out[3] ; 2.5 V        ; 0 s                 ; 0 s                 ; 2.75 V                       ; 3.54e-06 V                   ; 2.81 V              ; -0.0578 V           ; 0.303 V                              ; 0.28 V                               ; 2.93e-10 s                  ; 3.01e-10 s                  ; No                         ; No                         ; 2.75 V                      ; 3.54e-06 V                  ; 2.81 V             ; -0.0578 V          ; 0.303 V                             ; 0.28 V                              ; 2.93e-10 s                 ; 3.01e-10 s                 ; No                        ; No                        ;
+--------+--------------+---------------------+---------------------+------------------------------+------------------------------+---------------------+---------------------+--------------------------------------+--------------------------------------+-----------------------------+-----------------------------+----------------------------+----------------------------+-----------------------------+-----------------------------+--------------------+--------------------+-------------------------------------+-------------------------------------+----------------------------+----------------------------+---------------------------+---------------------------+


+-------------------------------------------------------------------------------------------------------------------------------------------------------------------------------------------------------------------------------------------------------------------------------------------------------------------------------------------------------------------------------------------------------------------------------------------------------------------------------------------------------------------------------------------------------------------------------------------------------------------------------------------------------------------------------------+
; Signal Integrity Metrics (Fast 1100mv 85c Model)                                                                                                                                                                                                                                                                                                                                                                                                                                                                                                                                                                                                                                    ;
+--------+--------------+---------------------+---------------------+------------------------------+------------------------------+---------------------+---------------------+--------------------------------------+--------------------------------------+-----------------------------+-----------------------------+----------------------------+----------------------------+-----------------------------+-----------------------------+--------------------+--------------------+-------------------------------------+-------------------------------------+----------------------------+----------------------------+---------------------------+---------------------------+
; Pin    ; I/O Standard ; Board Delay on Rise ; Board Delay on Fall ; Steady State Voh at FPGA Pin ; Steady State Vol at FPGA Pin ; Voh Max at FPGA Pin ; Vol Min at FPGA Pin ; Ringback Voltage on Rise at FPGA Pin ; Ringback Voltage on Fall at FPGA Pin ; 10-90 Rise Time at FPGA Pin ; 90-10 Fall Time at FPGA Pin ; Monotonic Rise at FPGA Pin ; Monotonic Fall at FPGA Pin ; Steady State Voh at Far-end ; Steady State Vol at Far-end ; Voh Max at Far-end ; Vol Min at Far-end ; Ringback Voltage on Rise at Far-end ; Ringback Voltage on Fall at Far-end ; 10-90 Rise Time at Far-end ; 90-10 Fall Time at Far-end ; Monotonic Rise at Far-end ; Monotonic Fall at Far-end ;
+--------+--------------+---------------------+---------------------+------------------------------+------------------------------+---------------------+---------------------+--------------------------------------+--------------------------------------+-----------------------------+-----------------------------+----------------------------+----------------------------+-----------------------------+-----------------------------+--------------------+--------------------+-------------------------------------+-------------------------------------+----------------------------+----------------------------+---------------------------+---------------------------+
; out[0] ; 2.5 V        ; 0 s                 ; 0 s                 ; 2.75 V                       ; 0.000242 V                   ; 2.86 V              ; -0.0814 V           ; 0.36 V                               ; 0.156 V                              ; 3e-10 s                     ; 4.34e-10 s                  ; No                         ; No                         ; 2.75 V                      ; 0.000242 V                  ; 2.86 V             ; -0.0814 V          ; 0.36 V                              ; 0.156 V                             ; 3e-10 s                    ; 4.34e-10 s                 ; No                        ; No                        ;
; out[1] ; 2.5 V        ; 0 s                 ; 0 s                 ; 2.75 V                       ; 0.000242 V                   ; 2.86 V              ; -0.0805 V           ; 0.358 V                              ; 0.156 V                              ; 3.01e-10 s                  ; 4.34e-10 s                  ; No                         ; No                         ; 2.75 V                      ; 0.000242 V                  ; 2.86 V             ; -0.0805 V          ; 0.358 V                             ; 0.156 V                             ; 3.01e-10 s                 ; 4.34e-10 s                 ; No                        ; No                        ;
; out[2] ; 2.5 V        ; 0 s                 ; 0 s                 ; 2.75 V                       ; 0.000247 V                   ; 2.85 V              ; -0.0711 V           ; 0.204 V                              ; 0.181 V                              ; 4.55e-10 s                  ; 4.49e-10 s                  ; No                         ; No                         ; 2.75 V                      ; 0.000247 V                  ; 2.85 V             ; -0.0711 V          ; 0.204 V                             ; 0.181 V                             ; 4.55e-10 s                 ; 4.49e-10 s                 ; No                        ; No                        ;
; out[3] ; 2.5 V        ; 0 s                 ; 0 s                 ; 2.75 V                       ; 0.000213 V                   ; 2.79 V              ; -0.0324 V           ; 0.139 V                              ; 0.119 V                              ; 4.42e-10 s                  ; 4.33e-10 s                  ; No                         ; Yes                        ; 2.75 V                      ; 0.000213 V                  ; 2.79 V             ; -0.0324 V          ; 0.139 V                             ; 0.119 V                             ; 4.42e-10 s                 ; 4.33e-10 s                 ; No                        ; Yes                       ;
+--------+--------------+---------------------+---------------------+------------------------------+------------------------------+---------------------+---------------------+--------------------------------------+--------------------------------------+-----------------------------+-----------------------------+----------------------------+----------------------------+-----------------------------+-----------------------------+--------------------+--------------------+-------------------------------------+-------------------------------------+----------------------------+----------------------------+---------------------------+---------------------------+


+-------------------------------------------------------------------------------+
; Setup Transfers                                                               ;
+-----------------+-----------------+----------+----------+----------+----------+
; From Clock      ; To Clock        ; RR Paths ; FR Paths ; RF Paths ; FF Paths ;
+-----------------+-----------------+----------+----------+----------+----------+
; DFlipFlop:ff0|q ; clk             ; 1        ; 1        ; 0        ; 0        ;
; DFlipFlop:ff1|q ; DFlipFlop:ff0|q ; 1        ; 1        ; 0        ; 0        ;
; DFlipFlop:ff2|q ; DFlipFlop:ff1|q ; 1        ; 1        ; 0        ; 0        ;
; DFlipFlop:ff2|q ; DFlipFlop:ff2|q ; 1        ; 0        ; 0        ; 0        ;
+-----------------+-----------------+----------+----------+----------+----------+
Entries labeled "false path" only account for clock-to-clock false paths and not path-based false paths. As a result, actual path counts may be lower than reported.


+-------------------------------------------------------------------------------+
; Hold Transfers                                                                ;
+-----------------+-----------------+----------+----------+----------+----------+
; From Clock      ; To Clock        ; RR Paths ; FR Paths ; RF Paths ; FF Paths ;
+-----------------+-----------------+----------+----------+----------+----------+
; DFlipFlop:ff0|q ; clk             ; 1        ; 1        ; 0        ; 0        ;
; DFlipFlop:ff1|q ; DFlipFlop:ff0|q ; 1        ; 1        ; 0        ; 0        ;
; DFlipFlop:ff2|q ; DFlipFlop:ff1|q ; 1        ; 1        ; 0        ; 0        ;
; DFlipFlop:ff2|q ; DFlipFlop:ff2|q ; 1        ; 0        ; 0        ; 0        ;
+-----------------+-----------------+----------+----------+----------+----------+
Entries labeled "false path" only account for clock-to-clock false paths and not path-based false paths. As a result, actual path counts may be lower than reported.


---------------
; Report TCCS ;
---------------
No dedicated SERDES Transmitter circuitry present in device or used in design


---------------
; Report RSKM ;
---------------
No non-DPA dedicated SERDES Receiver circuitry present in device or used in design


+------------------------------------------------+
; Unconstrained Paths                            ;
+---------------------------------+-------+------+
; Property                        ; Setup ; Hold ;
+---------------------------------+-------+------+
; Illegal Clocks                  ; 0     ; 0    ;
; Unconstrained Clocks            ; 0     ; 0    ;
; Unconstrained Input Ports       ; 1     ; 1    ;
; Unconstrained Input Port Paths  ; 4     ; 4    ;
; Unconstrained Output Ports      ; 4     ; 4    ;
; Unconstrained Output Port Paths ; 4     ; 4    ;
+---------------------------------+-------+------+


+------------------------------------+
; TimeQuest Timing Analyzer Messages ;
+------------------------------------+
Info: *******************************************************************
Info: Running Quartus II 64-Bit TimeQuest Timing Analyzer
    Info: Version 14.0.0 Build 200 06/17/2014 SJ Web Edition
    Info: Processing started: Fri Apr 08 15:48:56 2016
Info: Command: quartus_sta DE1_SoC -c DE1_SoC
Info: qsta_default_script.tcl version: #1
Info (20030): Parallel compilation is enabled and will use 4 of the 4 processors detected
Info (21077): Low junction temperature is 0 degrees C
Info (21077): High junction temperature is 85 degrees C
Critical Warning (332012): Synopsys Design Constraints File file not found: 'DE1_SoC.sdc'. A Synopsys Design Constraints File is required by the TimeQuest Timing Analyzer to get proper timing constraints. Without it, the Compiler will not properly optimize the design.
Info (332142): No user constrained base clocks found in the design. Calling "derive_clocks -period 1.0"
Info (332105): Deriving Clocks
    Info (332105): create_clock -period 1.000 -name clk clk
    Info (332105): create_clock -period 1.000 -name DFlipFlop:ff0|q DFlipFlop:ff0|q
    Info (332105): create_clock -period 1.000 -name DFlipFlop:ff1|q DFlipFlop:ff1|q
    Info (332105): create_clock -period 1.000 -name DFlipFlop:ff2|q DFlipFlop:ff2|q
Info (332143): No user constrained clock uncertainty found in the design. Calling "derive_clock_uncertainty"
Info (332123): Deriving Clock Uncertainty. Please refer to report_sdc in TimeQuest to see clock uncertainties.
Info: Found TIMEQUEST_REPORT_SCRIPT_INCLUDE_DEFAULT_ANALYSIS = ON
Info: Analyzing Slow 1100mV 85C Model
Critical Warning (332148): Timing requirements not met
    Info (11105): For recommendations on closing timing, run Report Timing Closure Recommendations in the TimeQuest Timing Analyzer.
Info (332146): Worst-case setup slack is -5.944
    Info (332119):     Slack       End Point TNS Clock 
    Info (332119): ========= =================== =====================
    Info (332119):    -5.944              -5.944 clk 
    Info (332119):    -1.961              -1.961 DFlipFlop:ff1|q 
    Info (332119):    -1.322              -1.322 DFlipFlop:ff0|q 
    Info (332119):    -0.815              -0.815 DFlipFlop:ff2|q 
Info (332146): Worst-case hold slack is 0.323
    Info (332119):     Slack       End Point TNS Clock 
    Info (332119): ========= =================== =====================
    Info (332119):     0.323               0.000 DFlipFlop:ff0|q 
    Info (332119):     0.414               0.000 DFlipFlop:ff2|q 
    Info (332119):     0.671               0.000 DFlipFlop:ff1|q 
    Info (332119):     1.159               0.000 clk 
Info (332140): No Recovery paths to report
Info (332140): No Removal paths to report
Info (332146): Worst-case minimum pulse width slack is -0.724
    Info (332119):     Slack       End Point TNS Clock 
    Info (332119): ========= =================== =====================
    Info (332119):    -0.724              -1.153 DFlipFlop:ff2|q 
    Info (332119):    -0.724              -1.139 clk 
    Info (332119):    -0.724              -1.122 DFlipFlop:ff1|q 
    Info (332119):    -0.724              -1.103 DFlipFlop:ff0|q 
Info: Analyzing Slow 1100mV 0C Model
Info (334003): Started post-fitting delay annotation
Info (334004): Delay annotation completed successfully
Info (332123): Deriving Clock Uncertainty. Please refer to report_sdc in TimeQuest to see clock uncertainties.
Critical Warning (332148): Timing requirements not met
    Info (11105): For recommendations on closing timing, run Report Timing Closure Recommendations in the TimeQuest Timing Analyzer.
Info (332146): Worst-case setup slack is -5.453
    Info (332119):     Slack       End Point TNS Clock 
    Info (332119): ========= =================== =====================
    Info (332119):    -5.453              -5.453 clk 
    Info (332119):    -2.181              -2.181 DFlipFlop:ff1|q 
    Info (332119):    -1.426              -1.426 DFlipFlop:ff0|q 
    Info (332119):    -0.746              -0.746 DFlipFlop:ff2|q 
Info (332146): Worst-case hold slack is 0.398
    Info (332119):     Slack       End Point TNS Clock 
    Info (332119): ========= =================== =====================
    Info (332119):     0.398               0.000 DFlipFlop:ff2|q 
    Info (332119):     0.435               0.000 DFlipFlop:ff0|q 
    Info (332119):     0.808               0.000 clk 
    Info (332119):     0.867               0.000 DFlipFlop:ff1|q 
Info (332140): No Recovery paths to report
Info (332140): No Removal paths to report
Info (332146): Worst-case minimum pulse width slack is -0.724
    Info (332119):     Slack       End Point TNS Clock 
    Info (332119): ========= =================== =====================
    Info (332119):    -0.724              -1.147 DFlipFlop:ff2|q 
    Info (332119):    -0.724              -1.137 clk 
    Info (332119):    -0.724              -1.115 DFlipFlop:ff1|q 
    Info (332119):    -0.724              -1.104 DFlipFlop:ff0|q 
Info: Analyzing Fast 1100mV 85C Model
Info (334003): Started post-fitting delay annotation
Info (334004): Delay annotation completed successfully
Info (332123): Deriving Clock Uncertainty. Please refer to report_sdc in TimeQuest to see clock uncertainties.
Critical Warning (332148): Timing requirements not met
    Info (11105): For recommendations on closing timing, run Report Timing Closure Recommendations in the TimeQuest Timing Analyzer.
Info (332146): Worst-case setup slack is -3.745
    Info (332119):     Slack       End Point TNS Clock 
    Info (332119): ========= =================== =====================
    Info (332119):    -3.745              -3.745 clk 
    Info (332119):    -0.777              -0.777 DFlipFlop:ff1|q 
    Info (332119):    -0.538              -0.538 DFlipFlop:ff0|q 
    Info (332119):    -0.022              -0.022 DFlipFlop:ff2|q 
Info (332146): Worst-case hold slack is -0.081
    Info (332119):     Slack       End Point TNS Clock 
    Info (332119): ========= =================== =====================
    Info (332119):    -0.081              -0.081 DFlipFlop:ff0|q 
    Info (332119):     0.076               0.000 DFlipFlop:ff1|q 
    Info (332119):     0.105               0.000 DFlipFlop:ff2|q 
    Info (332119):     1.585               0.000 clk 
Info (332140): No Recovery paths to report
Info (332140): No Removal paths to report
Info (332146): Worst-case minimum pulse width slack is -0.286
    Info (332119):     Slack       End Point TNS Clock 
    Info (332119): ========= =================== =====================
    Info (332119):    -0.286              -0.286 clk 
    Info (332119):     0.107               0.000 DFlipFlop:ff2|q 
    Info (332119):     0.135               0.000 DFlipFlop:ff1|q 
    Info (332119):     0.144               0.000 DFlipFlop:ff0|q 
Info: Analyzing Fast 1100mV 0C Model
Info (332123): Deriving Clock Uncertainty. Please refer to report_sdc in TimeQuest to see clock uncertainties.
Critical Warning (332148): Timing requirements not met
    Info (11105): For recommendations on closing timing, run Report Timing Closure Recommendations in the TimeQuest Timing Analyzer.
Info (332146): Worst-case setup slack is -3.165
    Info (332119):     Slack       End Point TNS Clock 
    Info (332119): ========= =================== =====================
    Info (332119):    -3.165              -3.165 clk 
    Info (332119):    -0.746              -0.746 DFlipFlop:ff1|q 
    Info (332119):    -0.516              -0.516 DFlipFlop:ff0|q 
    Info (332119):     0.023               0.000 DFlipFlop:ff2|q 
Info (332146): Worst-case hold slack is -0.090
    Info (332119):     Slack       End Point TNS Clock 
    Info (332119): ========= =================== =====================
    Info (332119):    -0.090              -0.090 DFlipFlop:ff0|q 
    Info (332119):     0.061               0.000 DFlipFlop:ff1|q 
    Info (332119):     0.088               0.000 DFlipFlop:ff2|q 
    Info (332119):     1.113               0.000 clk 
Info (332140): No Recovery paths to report
Info (332140): No Removal paths to report
Info (332146): Worst-case minimum pulse width slack is -0.280
    Info (332119):     Slack       End Point TNS Clock 
    Info (332119): ========= =================== =====================
    Info (332119):    -0.280              -0.280 clk 
    Info (332119):     0.116               0.000 DFlipFlop:ff2|q 
    Info (332119):     0.141               0.000 DFlipFlop:ff1|q 
    Info (332119):     0.143               0.000 DFlipFlop:ff0|q 
Info (332102): Design is not fully constrained for setup requirements
Info (332102): Design is not fully constrained for hold requirements
Info: Quartus II 64-Bit TimeQuest Timing Analyzer was successful. 0 errors, 5 warnings
    Info: Peak virtual memory: 975 megabytes
    Info: Processing ended: Fri Apr 08 15:49:19 2016
    Info: Elapsed time: 00:00:23
    Info: Total CPU time (on all processors): 00:00:22


