------------------------------------------------------------
TimeQuest Timing Analyzer Summary
------------------------------------------------------------

Type  : Slow 1100mV 85C Model Setup 'CLOCK_50'
Slack : -1.946
TNS   : -1.946

Type  : Slow 1100mV 85C Model Setup 'clock_divider:cdiv|divided_clocks[0]'
Slack : -1.271
TNS   : -4.973

Type  : Slow 1100mV 85C Model Hold 'CLOCK_50'
Slack : -0.051
TNS   : -0.051

Type  : Slow 1100mV 85C Model Hold 'clock_divider:cdiv|divided_clocks[0]'
Slack : 0.953
TNS   : 0.000

Type  : Slow 1100mV 85C Model Minimum Pulse Width 'clock_divider:cdiv|divided_clocks[0]'
Slack : -0.724
TNS   : -4.416

Type  : Slow 1100mV 85C Model Minimum Pulse Width 'CLOCK_50'
Slack : -0.724
TNS   : -1.137

Type  : Slow 1100mV 0C Model Setup 'CLOCK_50'
Slack : -1.808
TNS   : -1.808

Type  : Slow 1100mV 0C Model Setup 'clock_divider:cdiv|divided_clocks[0]'
Slack : -1.299
TNS   : -5.081

Type  : Slow 1100mV 0C Model Hold 'CLOCK_50'
Slack : -0.092
TNS   : -0.092

Type  : Slow 1100mV 0C Model Hold 'clock_divider:cdiv|divided_clocks[0]'
Slack : 0.999
TNS   : 0.000

Type  : Slow 1100mV 0C Model Minimum Pulse Width 'clock_divider:cdiv|divided_clocks[0]'
Slack : -0.724
TNS   : -4.420

Type  : Slow 1100mV 0C Model Minimum Pulse Width 'CLOCK_50'
Slack : -0.724
TNS   : -1.139

Type  : Fast 1100mV 85C Model Setup 'CLOCK_50'
Slack : -1.342
TNS   : -1.342

Type  : Fast 1100mV 85C Model Setup 'clock_divider:cdiv|divided_clocks[0]'
Slack : -0.170
TNS   : -0.668

Type  : Fast 1100mV 85C Model Hold 'clock_divider:cdiv|divided_clocks[0]'
Slack : 0.279
TNS   : 0.000

Type  : Fast 1100mV 85C Model Hold 'CLOCK_50'
Slack : 0.331
TNS   : 0.000

Type  : Fast 1100mV 85C Model Minimum Pulse Width 'CLOCK_50'
Slack : -0.260
TNS   : -0.260

Type  : Fast 1100mV 85C Model Minimum Pulse Width 'clock_divider:cdiv|divided_clocks[0]'
Slack : 0.146
TNS   : 0.000

Type  : Fast 1100mV 0C Model Setup 'CLOCK_50'
Slack : -1.073
TNS   : -1.073

Type  : Fast 1100mV 0C Model Setup 'clock_divider:cdiv|divided_clocks[0]'
Slack : -0.126
TNS   : -0.495

Type  : Fast 1100mV 0C Model Hold 'CLOCK_50'
Slack : 0.142
TNS   : 0.000

Type  : Fast 1100mV 0C Model Hold 'clock_divider:cdiv|divided_clocks[0]'
Slack : 0.252
TNS   : 0.000

Type  : Fast 1100mV 0C Model Minimum Pulse Width 'CLOCK_50'
Slack : -0.263
TNS   : -0.263

Type  : Fast 1100mV 0C Model Minimum Pulse Width 'clock_divider:cdiv|divided_clocks[0]'
Slack : 0.146
TNS   : 0.000

------------------------------------------------------------
